F.............................................F..........                [100%]
=================================== FAILURES ===================================
_________ test_observed_h2_drawdown_uses_explicit_absolute_margin_once _________

    def test_observed_h2_drawdown_uses_explicit_absolute_margin_once():
        champion = {"final_wealth": 1., "max_drawdown": .08592480598703311, "acute_return": None}
        metrics = {"final_wealth": 1.8168767799091217, "max_drawdown": .09854024217858659, "acute_return": None}
        args = dict(name="e/h2_2024", metrics=metrics, champion=champion)
        assert not _champion_violations(**args)
        assert _champion_violations(**args, authorized=False) == ["e/h2_2024: max_drawdown regressed from production champion"]
        metrics["max_drawdown"] = .09092480598703311 + .01
        assert not _champion_violations(**args)
        metrics["max_drawdown"] = math.nextafter(metrics["max_drawdown"], math.inf)
>       assert _champion_violations(**args)
E       AssertionError: assert []
E        +  where [] = _champion_violations(**{'name': 'e/h2_2024', 'metrics': {'final_wealth': 1.8168767799091217, 'max_drawdown': 0.10092480598703311, 'acute_return': None}, 'champion': {'final_wealth': 1.0, 'max_drawdown': 0.08592480598703311, 'acute_return': None}})

tests/test_drawdown_authorization.py:16: AssertionError
______________ test_existing_diagnostic_result_is_not_overwritten ______________

tmp_path = PosixPath('/tmp/pytest-of-root/pytest-12/test_existing_diagnostic_resul0')

    def test_existing_diagnostic_result_is_not_overwritten(tmp_path: Path):
        result = tmp_path / "bull-result.json"
        result.write_text("prior failed evidence\n")
>       with pytest.raises(RuntimeError, match="preserve it"):
             ^^^^^^^^^^^^^^^^^^^^^^^^^^^^^^^^^^^^^^^^^^^^^^^^
E       AssertionError: Regex pattern did not match.
E         Expected regex: 'preserve it'
E         Actual message: 'promotion candidate provenance requires committed production source'

tests/test_fixed_promotion_diagnostic.py:19: AssertionError
=========================== short test summary info ============================
FAILED tests/test_drawdown_authorization.py::test_observed_h2_drawdown_uses_explicit_absolute_margin_once
FAILED tests/test_fixed_promotion_diagnostic.py::test_existing_diagnostic_result_is_not_overwritten
